── Matrice (coverage-matrix.json) : done/total par couche ──
  cadastre       done=1106	total=1106	planned=0	to-research=0
  role-foncier   done=1106	total=1106	planned=0	to-research=0
  zones          done=762	total=1106	planned=0	to-research=344
  normes         done=555	total=1106	planned=0	to-research=551
  pv             done=1044	total=1106	planned=2	to-research=60
  pmtiles        done=0	total=1106	planned=1106	to-research=0
  tod            done=39	total=39	planned=0	to-research=0

── Items track chargés : 4345 ──

── Plan de synchro (créations + transitions) ──
  TOTAL item.create = 0
  TOTAL item.realize = 0

── BLOCAGES STRUCTURELS (couches agrégées non entièrement done, NON touchées) ──
  pmtiles : matrice done=0/1106 — 1 feuille(s) agrégat laissées telles quelles
      · [in-progress] pmtiles/derive-province · AGRÉGAT 1106 ville(s) [planned] — PMTiles — dérivé des couches province (build tuiles per-muni)

[apply] aucune transition à appliquer.

[apply] immo-lots track OK: rootWpCreated=0 fieldWpsCreated=0 leavesCreated=0 realizeEvents=0 coarseLeavesCancelled=0
  immo-lots surface_m2      done=247/248	remaining=1
  immo-lots adresse         done=7/248	remaining=241
  immo-lots code_postal     done=213/248	remaining=35
  immo-lots in_tod          done=4/4	remaining=0
  immo-lots folded-normes   done=6/248	remaining=242
