npm warn Unknown builtin config "globalignorefile". This will stop working in the next major version of npm. See `npm help npmrc` for supported config options.
npm warn Unknown env config "globalignorefile". This will stop working in the next major version of npm. See `npm help npmrc` for supported config options.
OK baie-saint-paul lots=895 assigned=100% multi=6.7% match=0% without_norms=100% verify parquet=Y stats=Y rows=895
WARN baie-saint-paul zone_code norm match rate 0% < 95%
OK degelis lots=327 assigned=100% multi=3.06% match=100% without_norms=0% verify parquet=Y stats=Y rows=327
EXAMPLE degelis lot=4 328 575 zone=EAF-8 norm_fields=zone_page,densite_confidence,hauteur_max_confidence,frontage_min_confidence,superficie_min_confidence,marge_avant_min_value
EXAMPLE degelis lot=5 322 459 zone=EAF-8 norm_fields=zone_page,densite_confidence,hauteur_max_confidence,frontage_min_confidence,superficie_min_confidence,marge_avant_min_value
EXAMPLE degelis lot=4 328 644 zone=EAB-13 norm_fields=zone_page,densite_confidence,hauteur_max_confidence,frontage_min_confidence,superficie_min_confidence,marge_avant_min_value
OK saint-francois-xavier-de-brompton lots=1610 assigned=99.88% multi=8.14% match=57.77% without_norms=42.23% verify parquet=Y stats=Y rows=1610
WARN saint-francois-xavier-de-brompton zone_code norm match rate 57.77% < 95%
EXAMPLE saint-francois-xavier-de-brompton lot=6 601 763 zone=RF 2 norm_fields=zone_page,densite_value,densite_raw,densite_confidence,hauteur_max_value,hauteur_max_raw
EXAMPLE saint-francois-xavier-de-brompton lot=6 557 323 zone=RF 2 norm_fields=zone_page,densite_value,densite_raw,densite_confidence,hauteur_max_value,hauteur_max_raw
EXAMPLE saint-francois-xavier-de-brompton lot=6 644 798 zone=RF 2 norm_fields=zone_page,densite_value,densite_raw,densite_confidence,hauteur_max_value,hauteur_max_raw
OK saint-zacharie lots=1699 assigned=100% multi=4.41% match=96.7% without_norms=3.3% verify parquet=Y stats=Y rows=1699
EXAMPLE saint-zacharie lot=5 571 853 zone=58-H norm_fields=zone_page,densite_value,densite_raw,densite_confidence,hauteur_max_value,hauteur_max_raw
EXAMPLE saint-zacharie lot=6 288 615 zone=38-F norm_fields=zone_page,densite_value,densite_raw,densite_confidence,hauteur_max_value,hauteur_max_raw
EXAMPLE saint-zacharie lot=6 518 391 zone=32-A norm_fields=zone_page,densite_value,densite_raw,densite_confidence,hauteur_max_value,hauteur_max_raw
OK val-morin lots=3672 assigned=100% multi=0% match=71.08% without_norms=28.92% verify parquet=Y stats=Y rows=3672
WARN val-morin zone_code norm match rate 71.08% < 95%
EXAMPLE val-morin lot=2 491 415 zone=R1-1 norm_fields=zone_page,densite_confidence,hauteur_max_value,hauteur_max_raw,hauteur_max_unit,hauteur_max_confidence
EXAMPLE val-morin lot=4 388 453 zone=R1-1 norm_fields=zone_page,densite_confidence,hauteur_max_value,hauteur_max_raw,hauteur_max_unit,hauteur_max_confidence
EXAMPLE val-morin lot=2 491 472 zone=R1-1 norm_fields=zone_page,densite_confidence,hauteur_max_value,hauteur_max_raw,hauteur_max_unit,hauteur_max_confidence
OK saint-louis-du-ha-ha lots=1427 assigned=99.86% multi=3.43% match=51.44% without_norms=48.56% verify parquet=Y stats=Y rows=1427
WARN saint-louis-du-ha-ha zone_code norm match rate 51.44% < 95%
EXAMPLE saint-louis-du-ha-ha lot=6 387 206 zone=R-3 norm_fields=zone_page,densite_confidence,hauteur_max_confidence,frontage_min_confidence,superficie_min_confidence,marge_avant_min_value
EXAMPLE saint-louis-du-ha-ha lot=6 387 209 zone=R-3 norm_fields=zone_page,densite_confidence,hauteur_max_confidence,frontage_min_confidence,superficie_min_confidence,marge_avant_min_value
EXAMPLE saint-louis-du-ha-ha lot=6 017 701 zone=M-7 norm_fields=zone_page,densite_confidence,hauteur_max_confidence,frontage_min_confidence,superficie_min_confidence,marge_avant_min_value
DONE ok=6 skipped=0 failed_verify=0
npm warn Unknown builtin config "globalignorefile". This will stop working in the next major version of npm. See `npm help npmrc` for supported config options.
npm warn Unknown env config "globalignorefile". This will stop working in the next major version of npm. See `npm help npmrc` for supported config options.
rôle index: 1309 municipality names -> code_geo (millésime 2026)
FSA index: 414 RTA (code_postal fsa3) from normalized/qc-admin-boundaries/qc-fsa.geojson
OK baie-saint-paul lots=895 zone_code=100% norms=0% surface=100% code_postal=100%(RTA) adresse=94.75%(code=16013) tod=n/a deposit=Y bytes=2434632
OK degelis lots=327 zone_code=100% norms=100% surface=100% code_postal=100%(RTA) adresse=81.65%(code=13005) tod=n/a deposit=Y bytes=1689170
EXAMPLE degelis {"lot_id":"4 328 575","geoId":"ca/qc/lot/4-328-575","zone_code":"EAF-8","dominant_fraction":1,"multi_zone":false,"surface_m2":3315.86,"adresse":"835 rang Turcotte","code_postal":"G5T","code_postal_precision":"fsa3","hauteur_max_value":null,"densite_value":null,"marge_avant_min_value":9,"in_tod":null,"tod_nom":null}
EXAMPLE degelis {"lot_id":"5 322 459","geoId":"ca/qc/lot/5-322-459","zone_code":"EAF-8","dominant_fraction":1,"multi_zone":false,"surface_m2":4435.4,"adresse":null,"code_postal":"G5T","code_postal_precision":"fsa3","hauteur_max_value":null,"densite_value":null,"marge_avant_min_value":9,"in_tod":null,"tod_nom":null}
EXAMPLE degelis {"lot_id":"4 328 644","geoId":"ca/qc/lot/4-328-644","zone_code":"EAB-13","dominant_fraction":0.944692043329098,"multi_zone":false,"surface_m2":19685.52,"adresse":"277 rang Gravel","code_postal":"G5T","code_postal_precision":"fsa3","hauteur_max_value":null,"densite_value":null,"marge_avant_min_value":9,"in_tod":null,"tod_nom":null}
OK saint-francois-xavier-de-brompton lots=1610 zone_code=99.88% norms=57.7% surface=100% code_postal=100%(RTA) adresse=90.31%(code=42020) tod=n/a deposit=Y bytes=5092184
EXAMPLE saint-francois-xavier-de-brompton {"lot_id":"6 601 763","geoId":"ca/qc/lot/6-601-763","zone_code":"RF 2","dominant_fraction":0.9926829355397857,"multi_zone":false,"surface_m2":5069.7,"adresse":"rue Poirier","code_postal":"J0B","code_postal_precision":"fsa3","hauteur_max_value":1,"densite_value":30,"marge_avant_min_value":8,"in_tod":null,"tod_nom":null}
EXAMPLE saint-francois-xavier-de-brompton {"lot_id":"6 557 323","geoId":"ca/qc/lot/6-557-323","zone_code":"RF 2","dominant_fraction":1,"multi_zone":false,"surface_m2":7256.16,"adresse":"6e Rang","code_postal":"J0B","code_postal_precision":"fsa3","hauteur_max_value":1,"densite_value":30,"marge_avant_min_value":8,"in_tod":null,"tod_nom":null}
EXAMPLE saint-francois-xavier-de-brompton {"lot_id":"6 644 798","geoId":"ca/qc/lot/6-644-798","zone_code":"RF 2","dominant_fraction":1,"multi_zone":false,"surface_m2":6704.99,"adresse":"6e Rang","code_postal":"J0B","code_postal_precision":"fsa3","hauteur_max_value":1,"densite_value":30,"marge_avant_min_value":8,"in_tod":null,"tod_nom":null}
OK saint-zacharie lots=1699 zone_code=100% norms=96.7% surface=100% code_postal=100%(RTA) adresse=89.94%(code=28005) tod=n/a deposit=Y bytes=4210130
EXAMPLE saint-zacharie {"lot_id":"5 571 853","geoId":"ca/qc/lot/5-571-853","zone_code":"58-H","dominant_fraction":0.9259070233423861,"multi_zone":false,"surface_m2":592.67,"adresse":"615 11e Avenue","code_postal":"G0M","code_postal_precision":"fsa3","hauteur_max_value":10,"densite_value":0.5,"marge_avant_min_value":3,"in_tod":null,"tod_nom":null}
EXAMPLE saint-zacharie {"lot_id":"6 288 615","geoId":"ca/qc/lot/6-288-615","zone_code":"38-F","dominant_fraction":0.9991856984110257,"multi_zone":false,"surface_m2":1637529.57,"adresse":"2384 2e Rang","code_postal":"G0M","code_postal_precision":"fsa3","hauteur_max_value":10,"densite_value":0.25,"marge_avant_min_value":9,"in_tod":null,"tod_nom":null}
EXAMPLE saint-zacharie {"lot_id":"6 518 391","geoId":"ca/qc/lot/6-518-391","zone_code":"32-A","dominant_fraction":1,"multi_zone":false,"surface_m2":590.51,"adresse":null,"code_postal":"G0M","code_postal_precision":"fsa3","hauteur_max_value":10,"densite_value":0.25,"marge_avant_min_value":9,"in_tod":null,"tod_nom":null}
OK val-morin lots=3672 zone_code=100% norms=71.08% surface=100% code_postal=100%(RTA) adresse=98.37%(code=78005) tod=n/a deposit=Y bytes=15183420
EXAMPLE val-morin {"lot_id":"2 491 415","geoId":"ca/qc/lot/2-491-415","zone_code":"R1-1","dominant_fraction":1,"multi_zone":false,"surface_m2":1942.64,"adresse":"4100 chemin Val-Royal","code_postal":"J0T","code_postal_precision":"fsa3","hauteur_max_value":2,"densite_value":null,"marge_avant_min_value":null,"in_tod":null,"tod_nom":null}
EXAMPLE val-morin {"lot_id":"4 388 453","geoId":"ca/qc/lot/4-388-453","zone_code":"R1-1","dominant_fraction":1,"multi_zone":false,"surface_m2":228.72,"adresse":"chemin Val-Royal","code_postal":"J0T","code_postal_precision":"fsa3","hauteur_max_value":2,"densite_value":null,"marge_avant_min_value":null,"in_tod":null,"tod_nom":null}
EXAMPLE val-morin {"lot_id":"2 491 472","geoId":"ca/qc/lot/2-491-472","zone_code":"R1-1","dominant_fraction":1,"multi_zone":false,"surface_m2":1953.24,"adresse":"4099 chemin Val-Royal","code_postal":"J0T","code_postal_precision":"fsa3","hauteur_max_value":2,"densite_value":null,"marge_avant_min_value":null,"in_tod":null,"tod_nom":null}
OK saint-louis-du-ha-ha lots=1427 zone_code=99.86% norms=51.37% surface=100% code_postal=100%(RTA) adresse=79.54%(code=13080) tod=n/a deposit=Y bytes=6656896
EXAMPLE saint-louis-du-ha-ha {"lot_id":"6 387 206","geoId":"ca/qc/lot/6-387-206","zone_code":"R-3","dominant_fraction":0.9573826022044698,"multi_zone":false,"surface_m2":1519.38,"adresse":"56 rue Pelletier","code_postal":"G0L","code_postal_precision":"fsa3","hauteur_max_value":null,"densite_value":null,"marge_avant_min_value":7.5,"in_tod":null,"tod_nom":null}
EXAMPLE saint-louis-du-ha-ha {"lot_id":"6 387 209","geoId":"ca/qc/lot/6-387-209","zone_code":"R-3","dominant_fraction":0.9967591431284667,"multi_zone":false,"surface_m2":2714.01,"adresse":"62 rue Pelletier","code_postal":"G0L","code_postal_precision":"fsa3","hauteur_max_value":null,"densite_value":null,"marge_avant_min_value":7.5,"in_tod":null,"tod_nom":null}
EXAMPLE saint-louis-du-ha-ha {"lot_id":"6 017 701","geoId":"ca/qc/lot/6-017-701","zone_code":"M-7","dominant_fraction":0.9989962165180987,"multi_zone":false,"surface_m2":2632.49,"adresse":"146 rue Raymond","code_postal":"G0L","code_postal_precision":"fsa3","hauteur_max_value":null,"densite_value":null,"marge_avant_min_value":7.5,"in_tod":null,"tod_nom":null}
DONE ok=6 skipped=0 failed_deposit=0
npm warn Unknown builtin config "globalignorefile". This will stop working in the next major version of npm. See `npm help npmrc` for supported config options.
npm warn Unknown env config "globalignorefile". This will stop working in the next major version of npm. See `npm help npmrc` for supported config options.
OK amos lots=515 assigned=2.52% multi=0% match=0% without_norms=100% verify parquet=Y stats=Y rows=515
WARN amos zone_code norm match rate 0% < 95%; assigned lots 2.52% < 70%
DONE ok=1 skipped=0 failed_verify=0
npm warn Unknown builtin config "globalignorefile". This will stop working in the next major version of npm. See `npm help npmrc` for supported config options.
npm warn Unknown env config "globalignorefile". This will stop working in the next major version of npm. See `npm help npmrc` for supported config options.
rôle index: 1309 municipality names -> code_geo (millésime 2026)
FSA index: 414 RTA (code_postal fsa3) from normalized/qc-admin-boundaries/qc-fsa.geojson
OK amos lots=515 zone_code=2.52% norms=0% surface=100% code_postal=100%(RTA) adresse=98.64%(code=88057) tod=n/a deposit=Y bytes=2154705
DONE ok=1 skipped=0 failed_deposit=0
